// Jest Snapshot v1, https://goo.gl/fbAQLP

exports[`<Icon/> Should match snapshot 1`] = `
<svg
  fill="currentColor"
  height="1em"
  width="1em"
>
  search.svg
</svg>
`;
